******************************************************************************
                  TI ARM Linker PC v18.12.2                    
******************************************************************************
>> Linked Tue Nov 19 13:29:52 2019

OUTPUT FILE NAME:   <DHT11_updated.out>
ENTRY POINT SYMBOL: "_c_int00_noargs"  address: 00002f99


MEMORY CONFIGURATION

         name            origin    length      used     unused   attr    fill
----------------------  --------  ---------  --------  --------  ----  --------
  MAIN                  00000000   00040000  00003395  0003cc6b  R  X
  INFO                  00200000   00004000  00000000  00004000  R  X
  SRAM_CODE             01000000   00010000  000009c0  0000f640  RW X
  SRAM_DATA             20000000   00010000  000009c0  0000f640  RW  


SEGMENT ALLOCATION MAP

run origin  load origin   length   init length attrs members
----------  ----------- ---------- ----------- ----- -------
00000000    00000000    00003398   00003398    r-x
  00000000    00000000    000000e4   000000e4    r-- .intvecs
  000000e4    000000e4    00003120   00003120    r-x .text
  00003204    00003204    00000101   00000101    r-- .const
  00003308    00003308    00000090   00000090    r-- .cinit
20000000    20000000    000007c0   00000000    rw-
  20000000    20000000    00000400   00000000    rw- .sysmem
  20000400    20000400    000001ec   00000000    rw- .data
  200005ec    200005ec    000001d4   00000000    rw- .bss
2000fe00    2000fe00    00000200   00000000    rw-
  2000fe00    2000fe00    00000200   00000000    rw- .stack


SECTION ALLOCATION MAP

 output                                  attributes/
section   page    origin      length       input sections
--------  ----  ----------  ----------   ----------------
.intvecs   0    00000000    000000e4     
                  00000000    000000e4     startup_msp432p401r_ccs.obj (.intvecs:retain)

.text      0    000000e4    00003120     
                  000000e4    00000a4e     rtsv7M4_T_le_v4SPD16_eabi.lib : _printfi.c.obj (.text:__TI_printfi)
                  00000b32    00000002                                   : _lock.c.obj (.text:_nop)
                  00000b34    00000334     system_msp432p401r.obj (.text)
                  00000e68    000002cc     sensor.obj (.text)
                  00001134    00000270     rtsv7M4_T_le_v4SPD16_eabi.lib : _printfi.c.obj (.text:_pconv_a)
                  000013a4    000001d0                                   : _printfi.c.obj (.text:_pconv_g)
                  00001574    000001b6                                   : fd_add_t2.asm.obj (.text)
                  0000172a    00000002                                   : div0.asm.obj (.text)
                  0000172c    0000013c                                   : _printfi.c.obj (.text:_pconv_e)
                  00001868    00000136                                   : fd_div_t2.asm.obj (.text)
                  0000199e    00000002     --HOLE-- [fill = 0]
                  000019a0    00000124                                   : _printfi.c.obj (.text:fcvt)
                  00001ac4    00000114                                   : fputs.c.obj (.text:fputs)
                  00001bd8    00000110                                   : s_scalbn.c.obj (.text:scalbn)
                  00001ce8    000000fc                                   : fd_mul_t2.asm.obj (.text)
                  00001de4    000000f4                                   : memory.c.obj (.text:aligned_alloc)
                  00001ed8    000000e8                                   : memory.c.obj (.text:free)
                  00001fc0    000000dc                                   : setvbuf.c.obj (.text:setvbuf)
                  0000209c    000000b1                                   : _printfi.c.obj (.text:_ltostr)
                  0000214d    00000001     --HOLE-- [fill = 0]
                  0000214e    0000009c                                   : memcpy_t2.asm.obj (.text)
                  000021ea    00000096                                   : ull_div_t2.asm.obj (.text)
                  00002280    0000008c                                   : fputc.c.obj (.text:fputc)
                  0000230c    00000086                                   : fd_cmp_t2.asm.obj (.text:__aeabi_cdcmple)
                  00002392    00000086                                   : fd_cmp_t2.asm.obj (.text:__aeabi_cdrcmple)
                  00002418    0000007c     main.obj (.text)
                  00002494    0000007c     rtsv7M4_T_le_v4SPD16_eabi.lib : memory.c.obj (.text:split)
                  00002510    0000007a                                   : memset_t2.asm.obj (.text)
                  0000258a    00000002     --HOLE-- [fill = 0]
                  0000258c    00000074                                   : fclose.c.obj (.text:__TI_closefile)
                  00002600    0000006e                                   : _printfi.c.obj (.text:_mcpy)
                  0000266e    0000006e                                   : fd_tos_t2.asm.obj (.text)
                  000026dc    00000068                                   : hostlseek.c.obj (.text:HOSTlseek)
                  00002744    00000068                                   : hostrename.c.obj (.text:HOSTrename)
                  000027ac    00000068                                   : copy_decompress_lzss.c.obj (.text:decompress:lzss:__TI_decompress_lzss)
                  00002814    00000068                                   : printf.c.obj (.text:printf)
                  0000287c    00000064                                   : s_frexp.c.obj (.text:frexp)
                  000028e0    00000064                                   : fseek.c.obj (.text:fseek)
                  00002944    00000062                                   : _io_perm.c.obj (.text:__TI_wrt_ok)
                  000029a6    00000002     --HOLE-- [fill = 0]
                  000029a8    00000060                                   : hostopen.c.obj (.text:HOSTopen)
                  00002a08    0000005c                                   : close.c.obj (.text:close)
                  00002a64    00000058                                   : hostread.c.obj (.text:HOSTread)
                  00002abc    00000058                                   : hostwrite.c.obj (.text:HOSTwrite)
                  00002b14    00000056                                   : _printfi.c.obj (.text:_pconv_f)
                  00002b6a    00000054                                   : ltoa.c.obj (.text:ltoa)
                  00002bbe    00000052                                   : _printfi.c.obj (.text:_ecpy)
                  00002c10    0000004c                                   : fflush.c.obj (.text:__TI_doflush)
                  00002c5c    0000004c                                   : atoi.c.obj (.text:atoi)
                  00002ca8    00000048                                   : exit.c.obj (.text:exit)
                  00002cf0    00000048                                   : fd_toi_t2.asm.obj (.text)
                  00002d38    00000044                                   : hostclose.c.obj (.text:HOSTclose)
                  00002d7c    00000044                                   : hostunlink.c.obj (.text:HOSTunlink)
                  00002dc0    00000044                                   : autoinit.c.obj (.text:__TI_auto_init_nobinit_nopinit:__TI_auto_init_nobinit_nopinit)
                  00002e04    00000044                                   : getdevice.c.obj (.text:getdevice)
                  00002e48    0000003e                                   : _printfi.c.obj (.text:_fcpy)
                  00002e86    00000002     --HOLE-- [fill = 0]
                  00002e88    00000038                                   : trgmsg.c.obj (.text:__TI_writemsg)
                  00002ec0    00000038                                   : fs_tod_t2.asm.obj (.text)
                  00002ef8    00000036                                   : strncpy.c.obj (.text:strncpy)
                  00002f2e    00000002     --HOLE-- [fill = 0]
                  00002f30    00000034                                   : fopen.c.obj (.text:__TI_cleanup)
                  00002f64    00000034                                   : trgmsg.c.obj (.text:__TI_readmsg)
                  00002f98    00000034                                   : boot_cortex_m.c.obj (.text:_c_int00_noargs:_c_int00_noargs)
                  00002fcc    00000030                                   : getdevice.c.obj (.text:finddevice)
                  00002ffc    0000002e                                   : i_tofd_t2.asm.obj (.text)
                  0000302a    00000002     --HOLE-- [fill = 0]
                  0000302c    0000002c                                   : unlink.c.obj (.text:unlink)
                  00003058    00000028                                   : memory.c.obj (.text:free_list_insert)
                  00003080    00000028                                   : lseek.c.obj (.text:lseek)
                  000030a8    00000028                                   : write.c.obj (.text:write)
                  000030d0    00000020                                   : memchr.c.obj (.text:memchr)
                  000030f0    0000001c                                   : copy_zero_init.c.obj (.text:decompress:ZI:__TI_zero_init_nomemset:__TI_zero_init_nomemset)
                  0000310c    0000001c                                   : memory.c.obj (.text:free_list_remove)
                  00003128    0000001c                                   : memccpy.c.obj (.text:memccpy)
                  00003144    0000001a                                   : s_copysign.c.obj (.text:copysign)
                  0000315e    00000018                                   : strcmp.c.obj (.text:strcmp)
                  00003176    00000016                                   : strchr.c.obj (.text:strchr)
                  0000318c    00000014                                   : strcpy.c.obj (.text:strcpy)
                  000031a0    00000014                                   : strlen.c.obj (.text:strlen)
                  000031b4    00000012                                   : wcslen.c.obj (.text:wcslen)
                  000031c6    0000000e                                   : copy_decompress_none.c.obj (.text:decompress:none:__TI_decompress_none)
                  000031d4    0000000e     startup_msp432p401r_ccs.obj (.text)
                  000031e2    00000002     --HOLE-- [fill = 0]
                  000031e4    00000008     rtsv7M4_T_le_v4SPD16_eabi.lib : errno.c.obj (.text:__aeabi_errno_addr)
                  000031ec    00000008                                   : memory.c.obj (.text:malloc)
                  000031f4    00000004                                   : printf.c.obj (.text:_outc)
                  000031f8    00000004                                   : printf.c.obj (.text:_outs)
                  000031fc    00000004                                   : pre_init.c.obj (.text:_system_pre_init)
                  00003200    00000004                                   : exit.c.obj (.text:abort:abort)

.const     0    00003204    00000101     
                  00003204    00000101     rtsv7M4_T_le_v4SPD16_eabi.lib : ctype.c.obj (.const:.string:_ctypes_)

.cinit     0    00003308    00000090     
                  00003308    0000006c     (.cinit..data.load) [load image, compression = lzss]
                  00003374    0000000c     (__TI_handler_table)
                  00003380    00000008     (.cinit..bss.load) [load image, compression = zero_init]
                  00003388    00000010     (__TI_cinit_table)

.init_array 
*          0    00000000    00000000     UNINITIALIZED

.binit     0    00000000    00000000     

.sysmem    0    20000000    00000400     UNINITIALIZED
                  20000000    00000010     rtsv7M4_T_le_v4SPD16_eabi.lib : memory.c.obj (.sysmem)
                  20000010    000003f0     --HOLE--

.data      0    20000400    000001ec     UNINITIALIZED
                  20000400    000000f0     rtsv7M4_T_le_v4SPD16_eabi.lib : defs.c.obj (.data:_ftable)
                  200004f0    00000078                                   : host_device.c.obj (.data:_device)
                  20000568    00000050                                   : host_device.c.obj (.data:_stream)
                  200005b8    00000010                                   : defs.c.obj (.data)
                  200005c8    0000000c                                   : exit.c.obj (.data:$O1$$)
                  200005d4    00000008                                   : _lock.c.obj (.data:$O1$$)
                  200005dc    00000008                                   : memory.c.obj (.data:$O1$$)
                  200005e4    00000004                                   : errno.c.obj (.data)
                  200005e8    00000004     system_msp432p401r.obj (.data)

.bss       0    200005ec    000001d4     UNINITIALIZED
                  200005ec    00000120     rtsv7M4_T_le_v4SPD16_eabi.lib : trgmsg.c.obj (.bss:_CIOBUF_)
                  2000070c    000000a0     (.common:__TI_tmpnams)
                  200007ac    00000008     (.common:parmbuf)
                  200007b4    00000008     (.common:result)
                  200007bc    00000004     (.common:i)

.stack     0    2000fe00    00000200     UNINITIALIZED
                  2000fe00    00000004     rtsv7M4_T_le_v4SPD16_eabi.lib : boot_cortex_m.c.obj (.stack)
                  2000fe04    000001fc     --HOLE--

MODULE SUMMARY

       Module                        code    ro data   rw data
       ------                        ----    -------   -------
    .\
       system_msp432p401r.obj        820     0         8      
       sensor.obj                    716     0         0      
       startup_msp432p401r_ccs.obj   14      228       0      
       main.obj                      124     0         24     
    +--+-----------------------------+-------+---------+---------+
       Total:                        1674    228       32     
                                                              
    C:\ti\ccs910\ccs\tools\compiler\ti-cgt-arm_18.12.2.LTS\lib\rtsv7M4_T_le_v4SPD16_eabi.lib
       _printfi.c.obj                4851    0         0      
       defs.c.obj                    0       0         832    
       memory.c.obj                  676     0         16     
       trgmsg.c.obj                  108     0         576    
       fd_add_t2.asm.obj             438     0         0      
       host_device.c.obj             0       0         400    
       fd_div_t2.asm.obj             310     0         0      
       fputs.c.obj                   276     0         0      
       s_scalbn.c.obj                272     0         0      
       fd_cmp_t2.asm.obj             268     0         0      
       ctype.c.obj                   0       257       0      
       fd_mul_t2.asm.obj             252     0         0      
       setvbuf.c.obj                 220     0         0      
       memcpy_t2.asm.obj             156     0         0      
       ull_div_t2.asm.obj            150     0         0      
       fputc.c.obj                   140     0         0      
       memset_t2.asm.obj             122     0         0      
       fclose.c.obj                  116     0         0      
       getdevice.c.obj               116     0         0      
       hostopen.c.obj                96      0         16     
       printf.c.obj                  112     0         0      
       fd_tos_t2.asm.obj             110     0         0      
       copy_decompress_lzss.c.obj    104     0         0      
       hostlseek.c.obj               104     0         0      
       hostrename.c.obj              104     0         0      
       exit.c.obj                    76      0         24     
       fseek.c.obj                   100     0         0      
       s_frexp.c.obj                 100     0         0      
       _io_perm.c.obj                98      0         0      
       close.c.obj                   92      0         0      
       hostread.c.obj                88      0         0      
       hostwrite.c.obj               88      0         0      
       ltoa.c.obj                    84      0         0      
       atoi.c.obj                    76      0         0      
       fflush.c.obj                  76      0         0      
       fd_toi_t2.asm.obj             72      0         0      
       autoinit.c.obj                68      0         0      
       hostclose.c.obj               68      0         0      
       hostunlink.c.obj              68      0         0      
       fs_tod_t2.asm.obj             56      0         0      
       strncpy.c.obj                 54      0         0      
       boot_cortex_m.c.obj           52      0         0      
       fopen.c.obj                   52      0         0      
       i_tofd_t2.asm.obj             46      0         0      
       unlink.c.obj                  44      0         0      
       lseek.c.obj                   40      0         0      
       write.c.obj                   40      0         0      
       memchr.c.obj                  32      0         0      
       copy_zero_init.c.obj          28      0         0      
       memccpy.c.obj                 28      0         0      
       s_copysign.c.obj              26      0         0      
       strcmp.c.obj                  24      0         0      
       strchr.c.obj                  22      0         0      
       strcpy.c.obj                  20      0         0      
       strlen.c.obj                  20      0         0      
       _lock.c.obj                   2       0         16     
       wcslen.c.obj                  18      0         0      
       errno.c.obj                   8       0         8      
       copy_decompress_none.c.obj    14      0         0      
       pre_init.c.obj                4       0         0      
       div0.asm.obj                  2       0         0      
    +--+-----------------------------+-------+---------+---------+
       Total:                        10887   257       1888   
                                                              
       Heap:                         0       0         2048   
       Stack:                        0       0         1024   
       Linker Generated:             0       144       0      
    +--+-----------------------------+-------+---------+---------+
       Grand Total:                  12561   629       4992   


LINKER GENERATED COPY TABLES

__TI_cinit_table @ 00003388 records: 2, size/record: 8, table size: 16
	.data: load addr=00003308, load size=0000006c bytes, run addr=20000400, run size=000001ec bytes, compression=lzss
	.bss: load addr=00003380, load size=00000008 bytes, run addr=200005ec, run size=000001d4 bytes, compression=zero_init


LINKER GENERATED HANDLER TABLE

__TI_handler_table @ 00003374 records: 3, size/record: 4, table size: 12
	index: 0, handler: __TI_decompress_lzss
	index: 1, handler: __TI_decompress_none
	index: 2, handler: __TI_zero_init


GLOBAL SYMBOLS: SORTED ALPHABETICALLY BY Name 

address   name                           
-------   ----                           
000031e1  ADC14_IRQHandler               
000031e1  AES256_IRQHandler              
000031e1  BusFault_Handler               
00003201  C$$EXIT                        
00002eb7  C$$IO$$                        
000031e1  COMP_E0_IRQHandler             
000031e1  COMP_E1_IRQHandler             
000031e1  CS_IRQHandler                  
000031e1  DMA_ERR_IRQHandler             
000031e1  DMA_INT0_IRQHandler            
000031e1  DMA_INT1_IRQHandler            
000031e1  DMA_INT2_IRQHandler            
000031e1  DMA_INT3_IRQHandler            
000031e1  DebugMon_Handler               
000031e1  Default_Handler                
000031e1  EUSCIA0_IRQHandler             
000031e1  EUSCIA1_IRQHandler             
000031e1  EUSCIA2_IRQHandler             
000031e1  EUSCIA3_IRQHandler             
000031e1  EUSCIB0_IRQHandler             
000031e1  EUSCIB1_IRQHandler             
000031e1  EUSCIB2_IRQHandler             
000031e1  EUSCIB3_IRQHandler             
000031e1  FLCTL_IRQHandler               
000031e1  FPU_IRQHandler                 
00002d39  HOSTclose                      
000026dd  HOSTlseek                      
000029a9  HOSTopen                       
00002a65  HOSTread                       
00002745  HOSTrename                     
00002d7d  HOSTunlink                     
00002abd  HOSTwrite                      
000031e1  HardFault_Handler              
000031e1  MemManage_Handler              
000031e1  NMI_Handler                    
000031e1  PCM_IRQHandler                 
000031e1  PORT1_IRQHandler               
000031e1  PORT2_IRQHandler               
000031e1  PORT3_IRQHandler               
000031e1  PORT4_IRQHandler               
000031e1  PORT5_IRQHandler               
000031e1  PORT6_IRQHandler               
000031e1  PSS_IRQHandler                 
000031e1  PendSV_Handler                 
000031e1  RTC_C_IRQHandler               
000031d5  Reset_Handler                  
000031e1  SVC_Handler                    
000031e1  SysTick_Handler                
200005e8  SystemCoreClock                
00000b35  SystemCoreClockUpdate          
00000dad  SystemInit                     
000031e1  T32_INT1_IRQHandler            
000031e1  T32_INT2_IRQHandler            
000031e1  T32_INTC_IRQHandler            
000031e1  TA0_0_IRQHandler               
000031e1  TA0_N_IRQHandler               
000031e1  TA1_0_IRQHandler               
000031e1  TA1_N_IRQHandler               
000031e1  TA2_0_IRQHandler               
000031e1  TA2_N_IRQHandler               
000031e1  TA3_0_IRQHandler               
000031e1  TA3_N_IRQHandler               
000031e1  UsageFault_Handler             
4000480c  WDTCTL_SYM                     
000031e1  WDT_A_IRQHandler               
200005ec  __CIOBUF_                      
20010000  __STACK_END                    
00000200  __STACK_SIZE                   
00000400  __SYSMEM_SIZE                  
00003388  __TI_CINIT_Base                
00003398  __TI_CINIT_Limit               
00003374  __TI_Handler_Table_Base        
00003380  __TI_Handler_Table_Limit       
00002dc1  __TI_auto_init_nobinit_nopinit 
00002f31  __TI_cleanup                   
200005c8  __TI_cleanup_ptr               
0000258d  __TI_closefile                 
000027ad  __TI_decompress_lzss           
000031c7  __TI_decompress_none           
00002c11  __TI_doflush                   
200005cc  __TI_dtors_ptr                 
200005d0  __TI_enable_exit_profile_output
200005b8  __TI_ft_end                    
ffffffff  __TI_pprof_out_hndl            
000000e5  __TI_printfi                   
ffffffff  __TI_prof_data_size            
ffffffff  __TI_prof_data_start           
00002f65  __TI_readmsg                   
00000000  __TI_static_base__             
2000070c  __TI_tmpnams                   
00002e89  __TI_writemsg                  
00002945  __TI_wrt_ok                    
000030f1  __TI_zero_init_nomemset        
0000230d  __aeabi_cdcmpeq                
0000230d  __aeabi_cdcmple                
00002393  __aeabi_cdrcmple               
0000266f  __aeabi_d2f                    
00002cf1  __aeabi_d2iz                   
0000157f  __aeabi_dadd                   
00001869  __aeabi_ddiv                   
00001ce9  __aeabi_dmul                   
00001575  __aeabi_dsub                   
000031e5  __aeabi_errno_addr             
00002ec1  __aeabi_f2d                    
00002ffd  __aeabi_i2d                    
0000172b  __aeabi_idiv0                  
0000172b  __aeabi_ldiv0                  
00002511  __aeabi_memclr                 
00002511  __aeabi_memclr4                
00002511  __aeabi_memclr8                
0000214f  __aeabi_memcpy                 
0000214f  __aeabi_memcpy4                
0000214f  __aeabi_memcpy8                
00002513  __aeabi_memset                 
00002513  __aeabi_memset4                
00002513  __aeabi_memset8                
200005c4  __aeabi_stderr                 
200005bc  __aeabi_stdin                  
200005c0  __aeabi_stdout                 
000021eb  __aeabi_uldivmod               
ffffffff  __binit__                      
ffffffff  __c_args__                     
UNDEFED   __mpu_init                     
2000fe00  __stack                        
00002f99  _c_int00_noargs                
00003204  _ctypes_                       
200004f0  _device                        
20000400  _ftable                        
200005d4  _lock                          
00000b33  _nop                           
20000568  _stream                        
20000000  _sys_memory                    
UNDEFED   _system_post_cinit             
000031fd  _system_pre_init               
200005d8  _unlock                        
00003201  abort                          
00001de5  aligned_alloc                  
00002c5d  atoi                           
ffffffff  binit                          
00002a09  close                          
00003145  copysign                       
00003145  copysignl                      
200005e4  errno                          
00002ca9  exit                           
00002fcd  finddevice                     
00002281  fputc                          
00001ac5  fputs                          
00001ed9  free                           
0000287d  frexp                          
0000287d  frexpl                         
000028e1  fseek                          
00002e05  getdevice                      
200007bc  i                              
00000000  interruptVectors               
00001bd9  ldexp                          
00001bd9  ldexpl                         
00003081  lseek                          
00002b6b  ltoa                           
00002419  main                           
000031ed  malloc                         
00001de5  memalign                       
00003129  memccpy                        
000030d1  memchr                         
0000214f  memcpy                         
00002519  memset                         
200007ac  parmbuf                        
00001053  parseCelcius                   
000010ab  parseHumidity                  
00002815  printf                         
00002281  putc                           
00000e69  readTempSensor                 
0000302d  remove                         
200007b4  result                         
00001bd9  scalbn                         
00001bd9  scalbnl                        
00001fc1  setvbuf                        
00003177  strchr                         
0000315f  strcmp                         
0000318d  strcpy                         
000031a1  strlen                         
00002ef9  strncpy                        
0000302d  unlink                         
000031b5  wcslen                         
000030a9  write                          


GLOBAL SYMBOLS: SORTED BY Symbol Address 

address   name                           
-------   ----                           
00000000  __TI_static_base__             
00000000  interruptVectors               
000000e5  __TI_printfi                   
00000200  __STACK_SIZE                   
00000400  __SYSMEM_SIZE                  
00000b33  _nop                           
00000b35  SystemCoreClockUpdate          
00000dad  SystemInit                     
00000e69  readTempSensor                 
00001053  parseCelcius                   
000010ab  parseHumidity                  
00001575  __aeabi_dsub                   
0000157f  __aeabi_dadd                   
0000172b  __aeabi_idiv0                  
0000172b  __aeabi_ldiv0                  
00001869  __aeabi_ddiv                   
00001ac5  fputs                          
00001bd9  ldexp                          
00001bd9  ldexpl                         
00001bd9  scalbn                         
00001bd9  scalbnl                        
00001ce9  __aeabi_dmul                   
00001de5  aligned_alloc                  
00001de5  memalign                       
00001ed9  free                           
00001fc1  setvbuf                        
0000214f  __aeabi_memcpy                 
0000214f  __aeabi_memcpy4                
0000214f  __aeabi_memcpy8                
0000214f  memcpy                         
000021eb  __aeabi_uldivmod               
00002281  fputc                          
00002281  putc                           
0000230d  __aeabi_cdcmpeq                
0000230d  __aeabi_cdcmple                
00002393  __aeabi_cdrcmple               
00002419  main                           
00002511  __aeabi_memclr                 
00002511  __aeabi_memclr4                
00002511  __aeabi_memclr8                
00002513  __aeabi_memset                 
00002513  __aeabi_memset4                
00002513  __aeabi_memset8                
00002519  memset                         
0000258d  __TI_closefile                 
0000266f  __aeabi_d2f                    
000026dd  HOSTlseek                      
00002745  HOSTrename                     
000027ad  __TI_decompress_lzss           
00002815  printf                         
0000287d  frexp                          
0000287d  frexpl                         
000028e1  fseek                          
00002945  __TI_wrt_ok                    
000029a9  HOSTopen                       
00002a09  close                          
00002a65  HOSTread                       
00002abd  HOSTwrite                      
00002b6b  ltoa                           
00002c11  __TI_doflush                   
00002c5d  atoi                           
00002ca9  exit                           
00002cf1  __aeabi_d2iz                   
00002d39  HOSTclose                      
00002d7d  HOSTunlink                     
00002dc1  __TI_auto_init_nobinit_nopinit 
00002e05  getdevice                      
00002e89  __TI_writemsg                  
00002eb7  C$$IO$$                        
00002ec1  __aeabi_f2d                    
00002ef9  strncpy                        
00002f31  __TI_cleanup                   
00002f65  __TI_readmsg                   
00002f99  _c_int00_noargs                
00002fcd  finddevice                     
00002ffd  __aeabi_i2d                    
0000302d  remove                         
0000302d  unlink                         
00003081  lseek                          
000030a9  write                          
000030d1  memchr                         
000030f1  __TI_zero_init_nomemset        
00003129  memccpy                        
00003145  copysign                       
00003145  copysignl                      
0000315f  strcmp                         
00003177  strchr                         
0000318d  strcpy                         
000031a1  strlen                         
000031b5  wcslen                         
000031c7  __TI_decompress_none           
000031d5  Reset_Handler                  
000031e1  ADC14_IRQHandler               
000031e1  AES256_IRQHandler              
000031e1  BusFault_Handler               
000031e1  COMP_E0_IRQHandler             
000031e1  COMP_E1_IRQHandler             
000031e1  CS_IRQHandler                  
000031e1  DMA_ERR_IRQHandler             
000031e1  DMA_INT0_IRQHandler            
000031e1  DMA_INT1_IRQHandler            
000031e1  DMA_INT2_IRQHandler            
000031e1  DMA_INT3_IRQHandler            
000031e1  DebugMon_Handler               
000031e1  Default_Handler                
000031e1  EUSCIA0_IRQHandler             
000031e1  EUSCIA1_IRQHandler             
000031e1  EUSCIA2_IRQHandler             
000031e1  EUSCIA3_IRQHandler             
000031e1  EUSCIB0_IRQHandler             
000031e1  EUSCIB1_IRQHandler             
000031e1  EUSCIB2_IRQHandler             
000031e1  EUSCIB3_IRQHandler             
000031e1  FLCTL_IRQHandler               
000031e1  FPU_IRQHandler                 
000031e1  HardFault_Handler              
000031e1  MemManage_Handler              
000031e1  NMI_Handler                    
000031e1  PCM_IRQHandler                 
000031e1  PORT1_IRQHandler               
000031e1  PORT2_IRQHandler               
000031e1  PORT3_IRQHandler               
000031e1  PORT4_IRQHandler               
000031e1  PORT5_IRQHandler               
000031e1  PORT6_IRQHandler               
000031e1  PSS_IRQHandler                 
000031e1  PendSV_Handler                 
000031e1  RTC_C_IRQHandler               
000031e1  SVC_Handler                    
000031e1  SysTick_Handler                
000031e1  T32_INT1_IRQHandler            
000031e1  T32_INT2_IRQHandler            
000031e1  T32_INTC_IRQHandler            
000031e1  TA0_0_IRQHandler               
000031e1  TA0_N_IRQHandler               
000031e1  TA1_0_IRQHandler               
000031e1  TA1_N_IRQHandler               
000031e1  TA2_0_IRQHandler               
000031e1  TA2_N_IRQHandler               
000031e1  TA3_0_IRQHandler               
000031e1  TA3_N_IRQHandler               
000031e1  UsageFault_Handler             
000031e1  WDT_A_IRQHandler               
000031e5  __aeabi_errno_addr             
000031ed  malloc                         
000031fd  _system_pre_init               
00003201  C$$EXIT                        
00003201  abort                          
00003204  _ctypes_                       
00003374  __TI_Handler_Table_Base        
00003380  __TI_Handler_Table_Limit       
00003388  __TI_CINIT_Base                
00003398  __TI_CINIT_Limit               
20000000  _sys_memory                    
20000400  _ftable                        
200004f0  _device                        
20000568  _stream                        
200005b8  __TI_ft_end                    
200005bc  __aeabi_stdin                  
200005c0  __aeabi_stdout                 
200005c4  __aeabi_stderr                 
200005c8  __TI_cleanup_ptr               
200005cc  __TI_dtors_ptr                 
200005d0  __TI_enable_exit_profile_output
200005d4  _lock                          
200005d8  _unlock                        
200005e4  errno                          
200005e8  SystemCoreClock                
200005ec  __CIOBUF_                      
2000070c  __TI_tmpnams                   
200007ac  parmbuf                        
200007b4  result                         
200007bc  i                              
2000fe00  __stack                        
20010000  __STACK_END                    
4000480c  WDTCTL_SYM                     
ffffffff  __TI_pprof_out_hndl            
ffffffff  __TI_prof_data_size            
ffffffff  __TI_prof_data_start           
ffffffff  __binit__                      
ffffffff  __c_args__                     
ffffffff  binit                          
UNDEFED   __mpu_init                     
UNDEFED   _system_post_cinit             

[184 symbols]
