******************************************************************************
                  TI ARM Linker PC v18.12.3                    
******************************************************************************
>> Linked Fri Nov  1 13:37:04 2019

OUTPUT FILE NAME:   <ESP8266.out>
ENTRY POINT SYMBOL: "_c_int00_noargs"  address: 00001419


MEMORY CONFIGURATION

         name            origin    length      used     unused   attr    fill
----------------------  --------  ---------  --------  --------  ----  --------
  MAIN                  00000000   00040000  00001550  0003eab0  R  X
  INFO                  00200000   00004000  00000000  00004000  R  X
  SRAM_CODE             01000000   00010000  00001c5c  0000e3a4  RW X
  SRAM_DATA             20000000   00010000  00001c5c  0000e3a4  RW  


SEGMENT ALLOCATION MAP

run origin  load origin   length   init length attrs members
----------  ----------- ---------- ----------- ----- -------
00000000    00000000    00001550   00001550    r-x
  00000000    00000000    000000e4   000000e4    r-- .intvecs
  000000e4    000000e4    00001424   00001424    r-x .text
  00001508    00001508    00000048   00000048    r-- .cinit
20000000    20000000    0000185c   00000000    rw-
  20000000    20000000    00001810   00000000    rw- .bss
  20001810    20001810    0000004c   00000000    rw- .data
2000fc00    2000fc00    00000400   00000000    rw-
  2000fc00    2000fc00    00000400   00000000    rw- .stack


SECTION ALLOCATION MAP

 output                                  attributes/
section   page    origin      length       input sections
--------  ----  ----------  ----------   ----------------
.intvecs   0    00000000    000000e4     
                  00000000    000000e4     startup_msp432p401r_ccs.obj (.intvecs:retain)

.text      0    000000e4    00001424     
                  000000e4    000003b8     ESP8266.obj (.text)
                  0000049c    00000370     UART_Driver.obj (.text)
                  0000080c    0000032c     system_msp432p401r.obj (.text)
                  00000b38    00000224     MSPIO.obj (.text)
                  00000d5c    0000015c     msp432p4xx_driverlib.lib : pcm.o (.text:__PCM_setPowerModeAdvanced)
                  00000eb8    00000108                              : pcm.o (.text:__PCM_setCoreVoltageLevelAdvanced)
                  00000fc0    000000b8     main.obj (.text)
                  00001078    0000009c     rtsv7M4_T_le_v4SPD16_eabi.lib : memcpy_t2.asm.obj (.text)
                  00001114    0000007a                                   : memset_t2.asm.obj (.text)
                  0000118e    00000068                                   : copy_decompress_lzss.c.obj (.text:decompress:lzss:__TI_decompress_lzss)
                  000011f6    0000005e     msp432p4xx_driverlib.lib : pcm.o (.text:PCM_getCoreVoltageLevel)
                  00001254    0000005a                              : pcm.o (.text:PCM_getPowerMode)
                  000012ae    00000002     --HOLE-- [fill = 0]
                  000012b0    00000054     GPIO_Driver.obj (.text)
                  00001304    00000054     rtsv7M4_T_le_v4SPD16_eabi.lib : ltoa.c.obj (.text:ltoa)
                  00001358    00000048     msp432p4xx_driverlib.lib : flash.o (.text:FlashCtl_setWaitState)
                  000013a0    00000044     rtsv7M4_T_le_v4SPD16_eabi.lib : autoinit.c.obj (.text:__TI_auto_init_nobinit_nopinit:__TI_auto_init_nobinit_nopinit)
                  000013e4    00000034     msp432p4xx_driverlib.lib : cs.o (.text:CS_setDCOCenteredFrequency)
                  00001418    00000034     rtsv7M4_T_le_v4SPD16_eabi.lib : boot_cortex_m.c.obj (.text:_c_int00_noargs:_c_int00_noargs)
                  0000144c    00000034                                   : strstr.c.obj (.text:strstr)
                  00001480    00000022     CS_Driver.obj (.text)
                  000014a2    00000002     --HOLE-- [fill = 0]
                  000014a4    00000014     msp432p4xx_driverlib.lib : pcm.o (.text:PCM_getPowerState)
                  000014b8    00000010                              : pcm.o (.text:PCM_setCoreVoltageLevel)
                  000014c8    00000010                              : pcm.o (.text:PCM_setPowerMode)
                  000014d8    0000000e     rtsv7M4_T_le_v4SPD16_eabi.lib : copy_decompress_none.c.obj (.text:decompress:none:__TI_decompress_none)
                  000014e6    0000000e     startup_msp432p401r_ccs.obj (.text)
                  000014f4    0000000c     rtsv7M4_T_le_v4SPD16_eabi.lib : copy_zero_init.c.obj (.text:decompress:ZI:__TI_zero_init)
                  00001500    00000004                                   : pre_init.c.obj (.text:_system_pre_init)
                  00001504    00000004                                   : exit.c.obj (.text:abort:abort)

.cinit     0    00001508    00000048     
                  00001508    0000001e     (.cinit..data.load) [load image, compression = lzss]
                  00001526    00000002     --HOLE-- [fill = 0]
                  00001528    0000000c     (__TI_handler_table)
                  00001534    00000004     --HOLE-- [fill = 0]
                  00001538    00000008     (.cinit..bss.load) [load image, compression = zero_init]
                  00001540    00000010     (__TI_cinit_table)

.init_array 
*          0    00000000    00000000     UNINITIALIZED

.binit     0    00000000    00000000     

.bss       0    20000000    00001810     UNINITIALIZED
                  20000000    00000800     (.common:ESP8266_Buffer)
                  20000800    00000800     (.common:UARTA0Data)
                  20001000    00000800     (.common:UARTA2Data)
                  20001800    00000004     (.common:UARTA0ReadIndex)
                  20001804    00000004     (.common:UARTA0WriteIndex)
                  20001808    00000004     (.common:UARTA2ReadIndex)
                  2000180c    00000004     (.common:UARTA2WriteIndex)

.data      0    20001810    0000004c     UNINITIALIZED
                  20001810    00000024     main.obj (.data:UART0Config)
                  20001834    00000024     main.obj (.data:UART2Config)
                  20001858    00000004     system_msp432p401r.obj (.data)

.stack     0    2000fc00    00000400     UNINITIALIZED
                  2000fc00    00000004     rtsv7M4_T_le_v4SPD16_eabi.lib : boot_cortex_m.c.obj (.stack)
                  2000fc04    000003fc     --HOLE--

MODULE SUMMARY

       Module                        code   ro data   rw data
       ------                        ----   -------   -------
    .\
       system_msp432p401r.obj        812    0         8      
       main.obj                      184    0         144    
       startup_msp432p401r_ccs.obj   14     228       0      
    +--+-----------------------------+------+---------+---------+
       Total:                        1010   228       152    
                                                             
    .\Devices\
       ESP8266.obj                   952    0         4096   
       MSPIO.obj                     548    0         0      
    +--+-----------------------------+------+---------+---------+
       Total:                        1500   0         4096   
                                                             
    .\Hardware\
       UART_Driver.obj               880    0         8224   
       GPIO_Driver.obj               84     0         0      
       CS_Driver.obj                 34     0         0      
    +--+-----------------------------+------+---------+---------+
       Total:                        998    0         8224   
                                                             
    C:/ti/simplelink_msp432p4_sdk_3_20_00_06/source/ti/devices/msp432p4xx/driverlib/ccs/msp432p4xx_driverlib.lib
       pcm.o                         848    0         0      
       flash.o                       72     0         0      
       cs.o                          52     0         0      
    +--+-----------------------------+------+---------+---------+
       Total:                        972    0         0      
                                                             
    C:\ti\ccs920\ccs\tools\compiler\ti-cgt-arm_18.12.3.LTS\lib\rtsv7M4_T_le_v4SPD16_eabi.lib
       memcpy_t2.asm.obj             156    0         0      
       memset_t2.asm.obj             122    0         0      
       copy_decompress_lzss.c.obj    104    0         0      
       ltoa.c.obj                    84     0         0      
       autoinit.c.obj                68     0         0      
       boot_cortex_m.c.obj           52     0         0      
       strstr.c.obj                  52     0         0      
       copy_decompress_none.c.obj    14     0         0      
       copy_zero_init.c.obj          12     0         0      
       exit.c.obj                    4      0         0      
       pre_init.c.obj                4      0         0      
    +--+-----------------------------+------+---------+---------+
       Total:                        672    0         0      
                                                             
       Stack:                        0      0         2048   
       Linker Generated:             0      66        0      
    +--+-----------------------------+------+---------+---------+
       Grand Total:                  5152   294       14520  


LINKER GENERATED COPY TABLES

__TI_cinit_table @ 00001540 records: 2, size/record: 8, table size: 16
	.data: load addr=00001508, load size=0000001e bytes, run addr=20001810, run size=0000004c bytes, compression=lzss
	.bss: load addr=00001538, load size=00000008 bytes, run addr=20000000, run size=00001810 bytes, compression=zero_init


LINKER GENERATED HANDLER TABLE

__TI_handler_table @ 00001528 records: 3, size/record: 4, table size: 12
	index: 0, handler: __TI_decompress_lzss
	index: 1, handler: __TI_decompress_none
	index: 2, handler: __TI_zero_init


GLOBAL SYMBOLS: SORTED ALPHABETICALLY BY Name 

address   name                             
-------   ----                             
000014f3  ADC14_IRQHandler                 
000014f3  AES256_IRQHandler                
000014f3  BusFault_Handler                 
00001505  C$$EXIT                          
000014f3  COMP_E0_IRQHandler               
000014f3  COMP_E1_IRQHandler               
000014f3  CS_IRQHandler                    
00001481  CS_Init                          
000013e5  CS_setDCOCenteredFrequency       
000014f3  DMA_ERR_IRQHandler               
000014f3  DMA_INT0_IRQHandler              
000014f3  DMA_INT1_IRQHandler              
000014f3  DMA_INT2_IRQHandler              
000014f3  DMA_INT3_IRQHandler              
000014f3  DebugMon_Handler                 
000014f3  Default_Handler                  
0000018f  ESP8266_AvailableAPs             
20000000  ESP8266_Buffer                   
00000159  ESP8266_CheckConnection          
000001c5  ESP8266_ConnectToAP              
00000207  ESP8266_EnableMultipleConnections
00000265  ESP8266_EstablishConnection      
000003c3  ESP8266_GetBuffer                
000003c7  ESP8266_HardReset                
000002f5  ESP8266_SendData                 
00000385  ESP8266_Terminal                 
000000e5  ESP8266_WaitForAnswer            
000006f1  EUSCIA0_IRQHandler               
000006f1  EUSCIA0_IRQHandler               
000014f3  EUSCIA1_IRQHandler               
00000775  EUSCIA2_IRQHandler               
00000775  EUSCIA2_IRQHandler               
000014f3  EUSCIA3_IRQHandler               
000014f3  EUSCIB0_IRQHandler               
000014f3  EUSCIB1_IRQHandler               
000014f3  EUSCIB2_IRQHandler               
000014f3  EUSCIB3_IRQHandler               
000014f3  FLCTL_IRQHandler                 
000014f3  FPU_IRQHandler                   
00001359  FlashCtl_setWaitState            
000012cb  GPIO_High                        
000012b1  GPIO_Init                        
000012e5  GPIO_Low                         
000014f3  HardFault_Handler                
00000cb5  MSPgets                          
00000bfb  MSPrintf                         
000014f3  MemManage_Handler                
000014f3  NMI_Handler                      
000014f3  PCM_IRQHandler                   
000011f7  PCM_getCoreVoltageLevel          
00001255  PCM_getPowerMode                 
000014a5  PCM_getPowerState                
000014b9  PCM_setCoreVoltageLevel          
000014c9  PCM_setPowerMode                 
000014f3  PORT1_IRQHandler                 
000014f3  PORT2_IRQHandler                 
000014f3  PORT3_IRQHandler                 
000014f3  PORT4_IRQHandler                 
000014f3  PORT5_IRQHandler                 
000014f3  PORT6_IRQHandler                 
000014f3  PSS_IRQHandler                   
000014f3  PendSV_Handler                   
00000b39  PrintChar                        
00000b6f  PrintInteger                     
00000b4d  PrintString                      
000014f3  RTC_C_IRQHandler                 
000014e7  Reset_Handler                    
000014f3  SVC_Handler                      
000014f3  SysTick_Handler                  
20001858  SystemCoreClock                  
0000080d  SystemCoreClockUpdate            
00000a81  SystemInit                       
000014f3  T32_INT1_IRQHandler              
000014f3  T32_INT2_IRQHandler              
000014f3  T32_INTC_IRQHandler              
000014f3  TA0_0_IRQHandler                 
000014f3  TA0_N_IRQHandler                 
000014f3  TA1_0_IRQHandler                 
000014f3  TA1_N_IRQHandler                 
000014f3  TA2_0_IRQHandler                 
000014f3  TA2_N_IRQHandler                 
000014f3  TA3_0_IRQHandler                 
000014f3  TA3_N_IRQHandler                 
20001810  UART0Config                      
20001834  UART2Config                      
20000800  UARTA0Data                       
20001800  UARTA0ReadIndex                  
20001804  UARTA0WriteIndex                 
20001000  UARTA2Data                       
20001808  UARTA2ReadIndex                  
2000180c  UARTA2WriteIndex                 
00000685  UART_Available                   
000006bd  UART_Flush                       
0000049d  UART_Init                        
0000058d  UART_Read                        
00000551  UART_Write                       
000014f3  UsageFault_Handler               
4000480c  WDTCTL_SYM                       
000014f3  WDT_A_IRQHandler                 
20010000  __STACK_END                      
00000400  __STACK_SIZE                     
00001540  __TI_CINIT_Base                  
00001550  __TI_CINIT_Limit                 
00001528  __TI_Handler_Table_Base          
00001534  __TI_Handler_Table_Limit         
000013a1  __TI_auto_init_nobinit_nopinit   
0000118f  __TI_decompress_lzss             
000014d9  __TI_decompress_none             
ffffffff  __TI_pprof_out_hndl              
ffffffff  __TI_prof_data_size              
ffffffff  __TI_prof_data_start             
00000000  __TI_static_base__               
000014f5  __TI_zero_init                   
00001115  __aeabi_memclr                   
00001115  __aeabi_memclr4                  
00001115  __aeabi_memclr8                  
00001079  __aeabi_memcpy                   
00001079  __aeabi_memcpy4                  
00001079  __aeabi_memcpy8                  
00001117  __aeabi_memset                   
00001117  __aeabi_memset4                  
00001117  __aeabi_memset8                  
ffffffff  __binit__                        
ffffffff  __c_args__                       
UNDEFED   __mpu_init                       
2000fc00  __stack                          
00001419  _c_int00_noargs                  
UNDEFED   _system_post_cinit               
00001501  _system_pre_init                 
00001505  abort                            
ffffffff  binit                            
00000000  interruptVectors                 
00001305  ltoa                             
00000fc1  main                             
00001079  memcpy                           
0000111d  memset                           
0000144d  strstr                           


GLOBAL SYMBOLS: SORTED BY Symbol Address 

address   name                             
-------   ----                             
00000000  __TI_static_base__               
00000000  interruptVectors                 
000000e5  ESP8266_WaitForAnswer            
00000159  ESP8266_CheckConnection          
0000018f  ESP8266_AvailableAPs             
000001c5  ESP8266_ConnectToAP              
00000207  ESP8266_EnableMultipleConnections
00000265  ESP8266_EstablishConnection      
000002f5  ESP8266_SendData                 
00000385  ESP8266_Terminal                 
000003c3  ESP8266_GetBuffer                
000003c7  ESP8266_HardReset                
00000400  __STACK_SIZE                     
0000049d  UART_Init                        
00000551  UART_Write                       
0000058d  UART_Read                        
00000685  UART_Available                   
000006bd  UART_Flush                       
000006f1  EUSCIA0_IRQHandler               
000006f1  EUSCIA0_IRQHandler               
00000775  EUSCIA2_IRQHandler               
00000775  EUSCIA2_IRQHandler               
0000080d  SystemCoreClockUpdate            
00000a81  SystemInit                       
00000b39  PrintChar                        
00000b4d  PrintString                      
00000b6f  PrintInteger                     
00000bfb  MSPrintf                         
00000cb5  MSPgets                          
00000fc1  main                             
00001079  __aeabi_memcpy                   
00001079  __aeabi_memcpy4                  
00001079  __aeabi_memcpy8                  
00001079  memcpy                           
00001115  __aeabi_memclr                   
00001115  __aeabi_memclr4                  
00001115  __aeabi_memclr8                  
00001117  __aeabi_memset                   
00001117  __aeabi_memset4                  
00001117  __aeabi_memset8                  
0000111d  memset                           
0000118f  __TI_decompress_lzss             
000011f7  PCM_getCoreVoltageLevel          
00001255  PCM_getPowerMode                 
000012b1  GPIO_Init                        
000012cb  GPIO_High                        
000012e5  GPIO_Low                         
00001305  ltoa                             
00001359  FlashCtl_setWaitState            
000013a1  __TI_auto_init_nobinit_nopinit   
000013e5  CS_setDCOCenteredFrequency       
00001419  _c_int00_noargs                  
0000144d  strstr                           
00001481  CS_Init                          
000014a5  PCM_getPowerState                
000014b9  PCM_setCoreVoltageLevel          
000014c9  PCM_setPowerMode                 
000014d9  __TI_decompress_none             
000014e7  Reset_Handler                    
000014f3  ADC14_IRQHandler                 
000014f3  AES256_IRQHandler                
000014f3  BusFault_Handler                 
000014f3  COMP_E0_IRQHandler               
000014f3  COMP_E1_IRQHandler               
000014f3  CS_IRQHandler                    
000014f3  DMA_ERR_IRQHandler               
000014f3  DMA_INT0_IRQHandler              
000014f3  DMA_INT1_IRQHandler              
000014f3  DMA_INT2_IRQHandler              
000014f3  DMA_INT3_IRQHandler              
000014f3  DebugMon_Handler                 
000014f3  Default_Handler                  
000014f3  EUSCIA1_IRQHandler               
000014f3  EUSCIA3_IRQHandler               
000014f3  EUSCIB0_IRQHandler               
000014f3  EUSCIB1_IRQHandler               
000014f3  EUSCIB2_IRQHandler               
000014f3  EUSCIB3_IRQHandler               
000014f3  FLCTL_IRQHandler                 
000014f3  FPU_IRQHandler                   
000014f3  HardFault_Handler                
000014f3  MemManage_Handler                
000014f3  NMI_Handler                      
000014f3  PCM_IRQHandler                   
000014f3  PORT1_IRQHandler                 
000014f3  PORT2_IRQHandler                 
000014f3  PORT3_IRQHandler                 
000014f3  PORT4_IRQHandler                 
000014f3  PORT5_IRQHandler                 
000014f3  PORT6_IRQHandler                 
000014f3  PSS_IRQHandler                   
000014f3  PendSV_Handler                   
000014f3  RTC_C_IRQHandler                 
000014f3  SVC_Handler                      
000014f3  SysTick_Handler                  
000014f3  T32_INT1_IRQHandler              
000014f3  T32_INT2_IRQHandler              
000014f3  T32_INTC_IRQHandler              
000014f3  TA0_0_IRQHandler                 
000014f3  TA0_N_IRQHandler                 
000014f3  TA1_0_IRQHandler                 
000014f3  TA1_N_IRQHandler                 
000014f3  TA2_0_IRQHandler                 
000014f3  TA2_N_IRQHandler                 
000014f3  TA3_0_IRQHandler                 
000014f3  TA3_N_IRQHandler                 
000014f3  UsageFault_Handler               
000014f3  WDT_A_IRQHandler                 
000014f5  __TI_zero_init                   
00001501  _system_pre_init                 
00001505  C$$EXIT                          
00001505  abort                            
00001528  __TI_Handler_Table_Base          
00001534  __TI_Handler_Table_Limit         
00001540  __TI_CINIT_Base                  
00001550  __TI_CINIT_Limit                 
20000000  ESP8266_Buffer                   
20000800  UARTA0Data                       
20001000  UARTA2Data                       
20001800  UARTA0ReadIndex                  
20001804  UARTA0WriteIndex                 
20001808  UARTA2ReadIndex                  
2000180c  UARTA2WriteIndex                 
20001810  UART0Config                      
20001834  UART2Config                      
20001858  SystemCoreClock                  
2000fc00  __stack                          
20010000  __STACK_END                      
4000480c  WDTCTL_SYM                       
ffffffff  __TI_pprof_out_hndl              
ffffffff  __TI_prof_data_size              
ffffffff  __TI_prof_data_start             
ffffffff  __binit__                        
ffffffff  __c_args__                       
ffffffff  binit                            
UNDEFED   __mpu_init                       
UNDEFED   _system_post_cinit               

[137 symbols]
